..                                          10240     22    22
..                                          10240     22    22
ACTSETUP.CAB                               123299   4437    22
AMOV4IE.CAB                                518839   4498    22
AWFXCG32.DLL                               116224   4752    22
AXA.CAB                                    814647   4809    22
BRANDING.CAB                                10616   5207    22
CHL99.CAB                                   15399   5213    22
CHLCS_CZ.CAB                                48835   5221    22
CHLDA_DK.CAB                                62978   5245    22
CHLDE_AT.CAB                                40275   5276    22
CHLDE_CH.CAB                                36207   5296    22
CHLDE_DE.CAB                                51527   5314    22
CHLEL_GR.CAB                                76851   5340    22
CHLEN_AU.CAB                                52821   5378    22
CHLEN_BB.CAB                                35373   5404    22
CHLEN_BZ.CAB                                35371   5422    22
CHLEN_CA.CAB                                55895   5440    22
CHLEN_GY.CAB                                35372   5468    22
CHLEN_IE.CAB                                68800   5486    22
CHLEN_JM.CAB                                42942   5520    22
CHLEN_ME.CAB                                55071   5541    22
CHLEN_NZ.CAB                                61710   5568    22
CHLEN_PH.CAB                                50207   5599    22
CHLEN_SR.CAB                                35369   5624    22
CHLEN_TT.CAB                                35377   5642    22
CHLEN_UK.CAB                                62290   5660    22
CHLEN_US.CAB                               154510   5691    22
CHLEN_ZA.CAB                                56289   5767    22
CHLES_AR.CAB                                48940   5795    22
CHLES_CL.CAB                                59330   5819    22
CHLES_CO.CAB                                51176   5848    22
CHLES_CR.CAB                                60063   5873    22
CHLES_DO.CAB                                51749   5903    22
CHLES_ES.CAB                                58796   5929    22
CHLES_GT.CAB                                50441   5958    22
CHLES_HN.CAB                                54844   5983    22
CHLES_MX.CAB                                52667   6010    22
CHLES_NI.CAB                                54843   6036    22
CHLES_PA.CAB                                58197   6063    22
CHLES_PE.CAB                                39782   6092    22
CHLES_PR.CAB                                50627   6112    22
CHLES_SV.CAB                                54845   6137    22
CHLES_UY.CAB                                28512   6164    22
CHLES_VE.CAB                                65669   6178    22
CHLFI_FI.CAB                                63541   6211    22
CHLFR_BE.CAB                                34812   6243    22
CHLFR_CH.CAB                                22662   6260    22
CHLFR_FR.CAB                                62471   6272    22
CHLHI_IN.CAB                                45621   6303    22
CHLHR_HR.CAB                                30665   6326    22
CHLHU_HU.CAB                                47082   6341    22
CHLIN_ID.CAB                                69599   6364    22
CHLIT_IT.CAB                                43738   6398    22
CHLJA_JP.CAB                                48158   6420    22
CHLKO_KR.CAB                                64266   6444    22
CHLML_MY.CAB                                59018   6476    22
CHLNL_BE.CAB                                39414   6505    22
CHLNL_NL.CAB                                57584   6525    22
CHLNO_NO.CAB                                53886   6554    22
CHLPL_PL.CAB                                67692   6581    22
CHLPT_BR.CAB                                61660   6615    22
CHLPT_PT.CAB                                49458   6646    22
CHLRU_RU.CAB                                61962   6671    22
CHLSL_SI.CAB                                26542   6702    22
CHLSV_SE.CAB                                47418   6715    22
CHLTH_TH.CAB                               102552   6739    22
CHLTR_TR.CAB                                64716   6790    22
CHLZH_CN.CAB                                49494   6822    22
CHLZH_HK.CAB                                57466   6847    22
CHLZH_SG.CAB                                47233   6876    22
CHLZH_TW.CAB                                72817   6900    22
CS3KIT.EXE                                6512406   6936    22
DELTEMP.COM                                   496  10116    22
DOSSETUP.BIN                                72358  10117    22
DXDDEX.CAB                                  33166  10153    22
DXMINI.CAB                                 339279  10170    22
EXTRACT.EXE                                 46656  10336    22
FILELIST.DAT                                   22  10359    22
FONTCORE.CAB                               627056  10360    22
FONTSUP.CAB                                476972  10667    22
FORMAT.COM                                  49543  10900    22
FPESETUP.CAB                              1374487  10925    22
ICW95.CAB                                  315605  11597    22
ICWNT.CAB                                  200939  11752    22
IE40CIF.CAB                                 14993  15439    22
IE4DATA.CAB                                328424  15447    22
IE4MFC40.CAB                               529148  15608    22
IE4NT_S1.CAB                              1413976  15867    22
IE4NT_S2.CAB                              1458536  16558    22
IE4NT_S3.CAB                              1458536  17271    22
IE4NT_S4.CAB                              1458536  17984    22
IE4NT_S5.CAB                               413844  18697    22
IE4SETUP.EXE                               441920  18900    22
IE4SETUP.INI                                  203  19116    22
IE4SHL95.CAB                               816962  19117    22
IE4SHLNT.CAB                               962321  19516    22
IE4SOUND.CAB                                10869  19986    22
IE4_S1.CAB                                1420126  11851    22
IE4_S2.CAB                                1458534  12545    22
IE4_S3.CAB                                1458534  13258    22
IE4_S4.CAB                                1458534  13971    22
IE4_S5.CAB                                1458534  14684    22
IE4_S6.CAB                                  84849  15397    22
IEJAVA.CAB                                  26125  19992    22
IELPKJA.CAB                               2142305  20005    22
IELPKKO.CAB                               1828906  21052    22
IELPKPE.CAB                               1102475  21946    22
IELPKZHC.CAB                              2476777  22485    22
IELPKZHT.CAB                              3403256  23695    22
INSW_W95.INI                                 9344  25357    22
IR50_32.CAB                                477395  25362    22
ISIGNUP.EXE                                  9568  25596    22
JAVI386.CAB                               3015948  25601    22
MAILNEWS.CAB                              1587874  27074    22
MEDIA95.INI                                  1849  27850    22
MINI.CAB                                   441905  27851    22
MOS.INF                                     37828  28067    22
MSAGENT.EXE                                338576  28086    22
MSCHAT2.CAB                                875227  28252    22
MSGMS_1.CAB                               1458596  28680    22
MSGMS_2.CAB                               1458596  29393    22
MSGMS_3.CAB                                247755  30106    22
MSINFO.INF                                   8223  30227    22
MSMUS_1.CAB                                176722  30232    22
MSVBVM50.CAB                               704015  30319    22
MSWALLET.CAB                               314302  30663    22
NM21.CAB                                  1912809  30817    22
NSIE4.CAB                                 1545651  31751    22
OEMSETUP.BIN                                 3270  32506    22
OEMSETUP.EXE                                78672  32508    22
OHARE.INF                                   63526  32547    22
PCVKIT.EXE                                1421742  32579    22
PRECOPY1.CAB                               480768  33274    22
PRECOPY2.CAB                              1237083  33509    22
PRO_ACCE.HTM                                 1818  34114    22
PRO_CAN.INS                                    49  34115    22
PRO_CONT.HTM                                 2969  34116    22
PRO_INDX.HTM                                  482  34118    22
PRO_NAVI.HTM                                 1625  34119    22
PRO_OLS.ISP                                   577  34120    22
PRO_ORB.ICO                                  1078  34121    22
PRO_ORGA.HTM                                 1273  34122    22
PRO_PERS.HTM                                 1475  34123    22
PRO_RESO.HTM                                 1356  34124    22
PRO_TRIA.HTM                                 1510  34125    22
R32MSIE4.EXE                              1226680  34126    22
README.TXT                                   3728  34725    22
SASETUP.CAB                                340203  34727    22
SAVE32.COM                                    920  34894    22
SCANDISK.EXE                               142353  34895    22
SCANDISK.PIF                                  995  34965    22
SCANPROG.EXE                                 4438  34966    22
SERIAL.TXT                                     26     36    22
SERVIC~1                                     2048     27    22
SERVICES.TXT                                 5629  34969    22
SETUP.EXE                                    5184  34972    22
SETUP.TXT                                   35072  34975    22
SETUPNT.CAB                                465869  34993    22
SETUPPP.INF                                  4550  35221    22
SETUPW95.CAB                               528007  35224    22
SHELL.INF                                   49223  35482    22
SMARTDRV.EXE                                44867  35507    22
SUHELPER.BIN                                 1472  35529    22
SWDIR.CAB                                  791543  35530    22
SWFLASH.CAB                                101911  35917    22
SWINST4.EXE                               1009600  35967    22
VDOLIVE.CAB                                141175  36460    22
VMM32.VXD                                  411132  36529    22
VRML2C.EXE                                1224832  36730    22
WB16OFF.EXE                                   537  37329    22
WELCOME.EXE                                  8032  37330    22
WIN95_02.CAB                               464896  37334    22
WIN95_03.CAB                              1716224  37561    22
WIN95_04.CAB                              1716224  38399    22
WIN95_05.CAB                              1716224  39237    22
WIN95_06.CAB                              1716224  40075    22
WIN95_07.CAB                              1716224  40913    22
WIN95_08.CAB                              1716224  41751    22
WIN95_09.CAB                              1716224  42589    22
WIN95_10.CAB                              1716224  43427    22
WIN95_11.CAB                              1716224  44265    22
WIN95_12.CAB                              1716224  45103    22
WIN95_13.CAB                              1716224  45941    22
WIN95_14.CAB                              1716224  46779    22
WIN95_15.CAB                              1716224  47617    22
WIN95_16.CAB                              1716224  48455    22
WIN95_17.CAB                              1716224  49293    22
WIN95_18.CAB                              1716224  50131    22
WIN95_19.CAB                              1716224  50969    22
WIN95_20.CAB                              1716224  51807    22
WIN95_21.CAB                              1716224  52645    22
WIN95_22.CAB                              1716224  53483    22
WIN95_23.CAB                              1716224  54321    22
WIN95_24.CAB                              1716224  55159    22
WIN95_25.CAB                              1716224  55997    22
WIN95_26.CAB                              1716224  56835    22
WIN95_27.CAB                              1716224  57673    22
WIN95_28.CAB                              1426482  58511    22
WINSETUP.BIN                               159824  59208    22
WPIE4X86.CAB                               364605  59287    22
XMSMMGR.EXE                                 14144  59466    22

..                                           2048     27    27
..                                          10240     22    27
SR1OFF97.EXE                              8890664     37    27
SR2CHK~1.Z                                 117279   4379    27


